[mart_export.txt, 109707.pop1popout.log.weir.fst, 123563.pop1pop2.log.weir.fst, 109707.pop1pop2.log.weir.fst, 123563.pop1popout.log.weir.fst, 109707.pop2popout.log.weir.fst, 123563.pop2popout.log.weir.fst, pop1.frq, pop3.frq, pop2.frq, pop1vspop2.csv, pop1vsout.csv, pop2vsout.csv]
